// Jest Snapshot v1, https://goo.gl/fbAQLP

exports[`BackgroundVideo Content 1`] = `
.c0 {
  position: relative;
  z-index: 1;
}

<div
  className="c0"
/>
`;

exports[`BackgroundVideo Video 1`] = `
.c0 {
  position: absolute;
  top: 50%;
  left: 50%;
  -webkit-transform: translate(-50%,-50%);
  -ms-transform: translate(-50%,-50%);
  transform: translate(-50%,-50%);
  width: auto;
  height: auto;
  min-width: 100%;
  min-height: 100%;
  z-index: 0;
  background: white;
  display: block;
}

<video
  autoPlay={true}
  className="c0"
  loop={true}
  muted={true}
  playsInline={true}
/>
`;

exports[`BackgroundVideo renders correctly 1`] = `
.c0 {
  position: relative;
  overflow: hidden;
}

<div
  className="c0"
>
  <styled.video>
    <source
      src="foo"
      type="bar"
    />
  </styled.video>
  <styled.div>
    foo
  </styled.div>
</div>
`;
