// Jest Snapshot v1, https://goo.gl/fbAQLP

exports[`RichText renders given html 1`] = `
<div
  dangerouslySetInnerHTML={
    Object {
      "__html": "<div><h1>foo</h1></div>",
    }
  }
/>
`;
