// Jest Snapshot v1, https://goo.gl/fbAQLP

exports[`EventOnMount Fires Component Did Mount only 1`] = `
<div>
  <TestComponent />
</div>
`;

exports[`EventOnMount Fires fireGtmEvent 1`] = `
<div>
  <TestComponent />
</div>
`;
