// Jest Snapshot v1, https://goo.gl/fbAQLP

exports[`Modal renders correctly 1`] = `
<Modal
  ariaHideApp={true}
  bodyOpenClassName="ReactModal__Body--open"
  closeTimeoutMS={0}
  contentLabel="Modal"
  isOpen={false}
  onRequestClose={[Function]}
  parentSelector={[Function]}
  portalClassName="ReactModalPortal"
  shouldCloseOnEsc={true}
  shouldCloseOnOverlayClick={true}
  shouldFocusAfterRender={true}
  shouldReturnFocusAfterClose={true}
  style={
    Object {
      "content": Object {
        "border": "none",
        "borderRadius": "0",
        "maxWidth": "900px",
        "position": "static",
        "width": "90%",
        "zIndex": "3",
      },
      "overlay": Object {
        "alignItems": "center",
        "backgroundColor": "rgba(0, 0, 0, .9)",
        "display": "flex",
        "justifyContent": "center",
        "zIndex": 10,
      },
    }
  }
>
  <closeButton
    onClick={[Function]}
  />
</Modal>
`;
