// Jest Snapshot v1, https://goo.gl/fbAQLP

exports[`EventOnMount Fires onMount 1`] = `
<div>
  <TestComponent
    title="foo"
  />
</div>
`;
