// Jest Snapshot v1, https://goo.gl/fbAQLP

exports[`OnMount Fires Component Did Mount only 1`] = `
<div>
  <TestComponent />
</div>
`;

exports[`OnMount Fires fireGtmEvent 1`] = `
<div>
  <TestComponent />
</div>
`;
